// Jest Snapshot v1, https://goo.gl/fbAQLP

exports[`renders the UI as expected 1`] = `
<div>
  <div
    className="headerLinks"
  >
    <div
      className="logoutLink"
    >
      <a
        href="/login"
        id="logoutLink"
        onClick={[Function]}
      >
        Logout
      </a>
    </div>
    <div
      className="switchBagLink"
    >
      <a
        href="/bags"
        id="switchBagLink"
        onClick={[Function]}
      >
        Switch Bags
      </a>
    </div>
  </div>
  <h3>
     
    Estimated Cost for remaining items
     
    <span
      className="cost"
    >
      $
      0
    </span>
  </h3>
  <div
    className="bagPageButtonContainer"
  >
    <button
      className="ownedButton"
      onClick={[Function]}
    >
       
      View Owned Items
       
    </button>
    <button
      className="ownedButton"
      onClick={[Function]}
    >
      New Item Form
    </button>
  </div>
  <div
    className="itemsList"
  />
</div>
`;
