// Jest Snapshot v1, https://goo.gl/fbAQLP

exports[`renders the UI as expected 1`] = `
<div>
  <img
    alt=""
    className="logo"
    src="bags_bag_handbag_accessory_accessories-19-512.png"
  />
  <h3
    className="header"
  >
    My Bags
  </h3>
  <a
    href="/situations"
    id="newBagLink"
    onClick={[Function]}
  >
    + New Bag
  </a>
</div>
`;
