// Jest Snapshot v1, https://goo.gl/fbAQLP

exports[`renders the UI as expected 1`] = `
<form
  className="LoginForm"
  onSubmit={[Function]}
>
  <div
    role="alert"
  />
  <input
    className="loginInput"
    name="user_name"
    placeholder="Username"
    required={true}
  />
  <input
    className="loginInput"
    name="password"
    placeholder="Password"
    required={true}
    type="password"
  />
  <button
    className="login"
    type="submit"
  >
    Login
  </button>
</form>
`;
