// Jest Snapshot v1, https://goo.gl/fbAQLP

exports[`renders the UI as expected 1`] = `
<div>
  <img
    alt="bag"
    className="logo"
    src="bags_bag_handbag_accessory_accessories-19-512.png"
  />
  <h3
    className="situationTitle"
  >
    Create a new bag
  </h3>
  <div>
    <form
      className="NewBagForm"
      onSubmit={[Function]}
    >
      <div
        role="alert"
      />
      <div
        className="bag_name"
      >
        <input
          className="Input "
          id="NewBagForm__bag_name"
          name="bag_name"
          placeholder="Bag name"
          required={true}
        />
      </div>
      <label
        className="selectorLabel"
      >
        Bag designed for: 
      </label>
      <select
        className="selector"
        name="situations"
        required={true}
      >
        <option
          value="Everything"
        >
          Everything
        </option>
        <option
          value="Quake"
        >
          Earthquake
        </option>
        <option
          value="Fire"
        >
          Wild Fire
        </option>
        <option
          value="Flood"
        >
          Flash Flood
        </option>
      </select>
      <div
        className="buttons"
      >
        <button
          className="newBagButton"
        >
          <a
            href="/bags"
            id="cancelButton"
            onClick={[Function]}
          >
            Cancel
          </a>
        </button>
        <button
          className="newBagButton"
          type="submit"
        >
          Submit
        </button>
      </div>
    </form>
  </div>
</div>
`;
